
[1m[46m RUN [49m[22m [36mv4.0.16 [39m[90mC:/Users/chhim/Downloads/notoko[39m

 [31mΓ¥»[39m __tests__/PlayerNamesModal.input-validation.test.tsx [2m([22m[2m10 tests[22m[2m | [22m[31m6 failed[39m[2m)[22m[33m 3092[2mms[22m[39m
[31m     [31m├ù[31m should accept exactly 15 characters in Player 1 input field[39m[32m 35[2mms[22m[39m
     [32mΓ£ô[39m should enforce maxLength of 15 on Player 1 input[32m 3[2mms[22m[39m
[31m     [31m├ù[31m should show '10/15 characters' when Player 1 has 10 characters[39m[32m 12[2mms[22m[39m
[31m     [31m├ù[31m should show '15/15 characters' when Player 1 is at maximum[39m[32m 5[2mms[22m[39m
[31m     [31m├ù[31m should accept exactly 15 characters in Player 2 input field[39m[32m 4[2mms[22m[39m
     [32mΓ£ô[39m should enforce maxLength of 15 on Player 2 input[32m 2[2mms[22m[39m
[31m     [31m├ù[31m should show '8/15 characters' when Player 2 has 8 characters[39m[32m 5[2mms[22m[39m
[31m     [31m├ù[31m should submit successfully with full-length names (15 chars each)[39m[33m 3018[2mms[22m[39m
     [32mΓ£ô[39m should not render when visible is false[32m 2[2mms[22m[39m
     [32mΓ£ô[39m should render when visible is true[32m 3[2mms[22m[39m
node.exe : 
At C:\Program Files\nodejs\npx.ps1:29 char:3
+   & $NODE_EXE $NPX_CLI_JS $args
+   ~~~~~~~~~~~~~~~~~~~~~~~~~~~~~
    + CategoryInfo          : NotSpecified: (:String) [], RemoteException
    + FullyQualifiedErrorId : NativeCommandError
 
[31mΓÄ»ΓÄ»ΓÄ»ΓÄ»ΓÄ»ΓÄ»ΓÄ»[39m[1m[41m Failed Tests 6 
[49m[22m[31mΓÄ»ΓÄ»ΓÄ»ΓÄ»ΓÄ»ΓÄ»ΓÄ»[39m

[41m[1m FAIL [22m[49m 
__tests__/PlayerNamesModal.input-validation.test.tsx[2m > 
[22mPlayerNamesModal Character Limit Validation[2m > [22mshould accept 
exactly 15 characters in Player 1 input field
[31m[1mError[22m: [2mexpect([22m[31melement[31m[2m).toHaveValue([
22m[32mExactlyFifteen1[31m[2m)[22m

Expected the element to have value:
[32m  ExactlyFifteen1[31m
Received:
[31m  Player 1[31m[39m
[36m [2mΓ¥»[22m 
__tests__/PlayerNamesModal.input-validation.test.tsx:[2m67:24[22m[39m
    [90m 65| [39m  
fireEvent[33m.[39m[34mchange[39m(player1Input[33m,[39m { 
target[33m:[39m { value[33m:[39m testString } })[33m;[39m
    [90m 66| [39m
    [90m 67| [39m  [34mexpect[39m(player1Input)[33m.[39m[34mtoHaveV
alue[39m(testString)[33m;[39m
    [90m   | [39m                       [31m^[39m
    [90m 68| [39m  [34mexpect[39m(testString[33m.[39mlength)[33m.[
39m[34mtoBe[39m([34m15[39m)[33m;[39m
    [90m 69| [39m })[33m;[39m

[31m[2mΓÄ»ΓÄ»ΓÄ»ΓÄ»ΓÄ»ΓÄ»ΓÄ»ΓÄ»ΓÄ»ΓÄ»ΓÄ»ΓÄ»ΓÄ»ΓÄ»ΓÄ»ΓÄ»ΓÄ»ΓÄ»ΓÄ»ΓÄ»ΓÄ»ΓÄ
»ΓÄ»ΓÄ»[1/6]ΓÄ»[22m[39m

[41m[1m FAIL [22m[49m 
__tests__/PlayerNamesModal.input-validation.test.tsx[2m > 
[22mPlayerNamesModal Character Limit Validation[2m > [22mshould show 
'10/15 characters' when Player 1 has 10 characters
[31m[1mTestingLibraryElementError[22m: Unable to find an element with 
the text: 10/15 characters. This could be because the text is broken up 
by multiple elements. In this case, you can provide a function for your 
text matcher to make your matcher more flexible.

Ignored nodes: comments, script, style
[36m<body>[31m
  [36m<div>[31m
    [36m<div[31m
      [33mclass[31m=[32m"fixed inset-0 bg-black/80 flex items-center 
justify-center z-50"[31m
    [36m>[31m
      [36m<section[31m
        [33mclass[31m=[32m"bg-black w-[80%] max-w-md p-6 text-center 
shadow-lg"[31m
      [36m>[31m
        [36m<h2[31m
          [33mclass[31m=[32m"text-red-500 text-3xl mb-6"[31m
        [36m>[31m
          [0mEnter Player Names[0m
        [36m</h2>[31m
        [36m<form[31m
          [33mclass[31m=[32m"mb-6 gap-4 flex flex-col"[31m
        [36m>[31m
          [36m<div>[31m
            [36m<input[31m
              [33mclass[31m=[32m"w-full p-3 text-red-500 text-xl 
border border-gray-300 bg-white outline-none"[31m
              [33mmaxlength[31m=[32m"15"[31m
              [33mplaceholder[31m=[32m"Player 1 Name"[31m
              [33mvalue[31m=[32m"Player 1"[31m
            [36m/>[31m
            [36m<div[31m
              [33mclass[31m=[32m"text-xl text-white mt-1 
text-right"[31m
            [36m>[31m
              [0m8[0m
              [0m/[0m
              [0m15[0m
              [0m [0m
              [0mcharacters[0m
            [36m</div>[31m
          [36m</div>[31m
          [36m<div>[31m
            [36m<input[31m
              [33mclass[31m=[32m"w-full p-3 text-red-500 text-xl 
border border-gray-300 bg-white outline-none"[31m
              [33mmaxlength[31m=[32m"15"[31m
              [33mplaceholder[31m=[32m"Player 2 Name"[31m
              [33mvalue[31m=[32m"Player 2"[31m
            [36m/>[31m
            [36m<div[31m
              [33mclass[31m=[32m"text-xl text-white mt-1 
text-right"[31m
            [36m>[31m
              [0m8[0m
              [0m/[0m
              [0m15[0m
              [0m [0m
              [0mcharacters[0m
            [36m</div>[31m
          [36m</div>[31m
        [36m</form>[31m
        [36m<button[31m
          [33mclass[31m=[32m"bg-blue-600 text-white text-3xl w-full 
py-3 hover:bg-blue-700"[31m
        [36m>[31m
          [0mStart Game[0m
        [36m</button>[31m
      [36m</section>[31m
    [36m</div>[31m
  [36m</div>[31m
[36m</body>[31m[39m
[90m [2mΓ¥»[22m Object.getElementError node_modules/.pnpm/@testing-libr
ary+dom@10.4.0/node_modules/@testing-library/dom/dist/config.js:[2m37:19
[22m[39m
[90m [2mΓ¥»[22m node_modules/.pnpm/@testing-library+dom@10.4.0/node_mod
ules/@testing-library/dom/dist/query-helpers.js:[2m76:38[22m[39m
[90m [2mΓ¥»[22m node_modules/.pnpm/@testing-library+dom@10.4.0/node_mod
ules/@testing-library/dom/dist/query-helpers.js:[2m52:17[22m[39m
[90m [2mΓ¥»[22m node_modules/.pnpm/@testing-library+dom@10.4.0/node_mod
ules/@testing-library/dom/dist/query-helpers.js:[2m95:19[22m[39m
[36m [2mΓ¥»[22m 
__tests__/PlayerNamesModal.input-validation.test.tsx:[2m89:17[22m[39m
    [90m 87| [39m  
fireEvent[33m.[39m[34mchange[39m(player1Input[33m,[39m { 
target[33m:[39m { value[33m:[39m testString } })[33m;[39m
    [90m 88| [39m
    [90m 89| [39m  
[34mexpect[39m(screen[33m.[39m[34mgetByText[39m([32m"10/15 
characters"[39m))[33m.[39m[34mtoBeInTheDocument[39m()[33m;[39m
    [90m   | [39m                [31m^[39m
    [90m 90| [39m })[33m;[39m
    [90m 91| [39m

[31m[2mΓÄ»ΓÄ»ΓÄ»ΓÄ»ΓÄ»ΓÄ»ΓÄ»ΓÄ»ΓÄ»ΓÄ»ΓÄ»ΓÄ»ΓÄ»ΓÄ»ΓÄ»ΓÄ»ΓÄ»ΓÄ»ΓÄ»ΓÄ»ΓÄ»ΓÄ
»ΓÄ»ΓÄ»[2/6]ΓÄ»[22m[39m

[41m[1m FAIL [22m[49m 
__tests__/PlayerNamesModal.input-validation.test.tsx[2m > 
[22mPlayerNamesModal Character Limit Validation[2m > [22mshould show 
'15/15 characters' when Player 1 is at maximum
[31m[1mTestingLibraryElementError[22m: Unable to find an element with 
the text: 15/15 characters. This could be because the text is broken up 
by multiple elements. In this case, you can provide a function for your 
text matcher to make your matcher more flexible.

Ignored nodes: comments, script, style
[36m<body>[31m
  [36m<div>[31m
    [36m<div[31m
      [33mclass[31m=[32m"fixed inset-0 bg-black/80 flex items-center 
justify-center z-50"[31m
    [36m>[31m
      [36m<section[31m
        [33mclass[31m=[32m"bg-black w-[80%] max-w-md p-6 text-center 
shadow-lg"[31m
      [36m>[31m
        [36m<h2[31m
          [33mclass[31m=[32m"text-red-500 text-3xl mb-6"[31m
        [36m>[31m
          [0mEnter Player Names[0m
        [36m</h2>[31m
        [36m<form[31m
          [33mclass[31m=[32m"mb-6 gap-4 flex flex-col"[31m
        [36m>[31m
          [36m<div>[31m
            [36m<input[31m
              [33mclass[31m=[32m"w-full p-3 text-red-500 text-xl 
border border-gray-300 bg-white outline-none"[31m
              [33mmaxlength[31m=[32m"15"[31m
              [33mplaceholder[31m=[32m"Player 1 Name"[31m
              [33mvalue[31m=[32m"Player 1"[31m
            [36m/>[31m
            [36m<div[31m
              [33mclass[31m=[32m"text-xl text-white mt-1 
text-right"[31m
            [36m>[31m
              [0m8[0m
              [0m/[0m
              [0m15[0m
              [0m [0m
              [0mcharacters[0m
            [36m</div>[31m
          [36m</div>[31m
          [36m<div>[31m
            [36m<input[31m
              [33mclass[31m=[32m"w-full p-3 text-red-500 text-xl 
border border-gray-300 bg-white outline-none"[31m
              [33mmaxlength[31m=[32m"15"[31m
              [33mplaceholder[31m=[32m"Player 2 Name"[31m
              [33mvalue[31m=[32m"Player 2"[31m
            [36m/>[31m
            [36m<div[31m
              [33mclass[31m=[32m"text-xl text-white mt-1 
text-right"[31m
            [36m>[31m
              [0m8[0m
              [0m/[0m
              [0m15[0m
              [0m [0m
              [0mcharacters[0m
            [36m</div>[31m
          [36m</div>[31m
        [36m</form>[31m
        [36m<button[31m
          [33mclass[31m=[32m"bg-blue-600 text-white text-3xl w-full 
py-3 hover:bg-blue-700"[31m
        [36m>[31m
          [0mStart Game[0m
        [36m</button>[31m
      [36m</section>[31m
    [36m</div>[31m
  [36m</div>[31m
[36m</body>[31m[39m
[90m [2mΓ¥»[22m Object.getElementError node_modules/.pnpm/@testing-libr
ary+dom@10.4.0/node_modules/@testing-library/dom/dist/config.js:[2m37:19
[22m[39m
[90m [2mΓ¥»[22m node_modules/.pnpm/@testing-library+dom@10.4.0/node_mod
ules/@testing-library/dom/dist/query-helpers.js:[2m76:38[22m[39m
[90m [2mΓ¥»[22m node_modules/.pnpm/@testing-library+dom@10.4.0/node_mod
ules/@testing-library/dom/dist/query-helpers.js:[2m52:17[22m[39m
[90m [2mΓ¥»[22m node_modules/.pnpm/@testing-library+dom@10.4.0/node_mod
ules/@testing-library/dom/dist/query-helpers.js:[2m95:19[22m[39m
[36m [2mΓ¥»[22m 
__tests__/PlayerNamesModal.input-validation.test.tsx:[2m101:17[22m[39m
    [90m 99| [39m  
fireEvent[33m.[39m[34mchange[39m(player1Input[33m,[39m { 
target[33m:[39m { value[33m:[39m testString } })[33m;[39m
    [90m100| [39m
    [90m101| [39m  
[34mexpect[39m(screen[33m.[39m[34mgetByText[39m([32m"15/15 
characters"[39m))[33m.[39m[34mtoBeInTheDocument[39m()[33m;[39m
    [90m   | [39m                [31m^[39m
    [90m102| [39m })[33m;[39m
    [90m103| [39m

[31m[2mΓÄ»ΓÄ»ΓÄ»ΓÄ»ΓÄ»ΓÄ»ΓÄ»ΓÄ»ΓÄ»ΓÄ»ΓÄ»ΓÄ»ΓÄ»ΓÄ»ΓÄ»ΓÄ»ΓÄ»ΓÄ»ΓÄ»ΓÄ»ΓÄ»ΓÄ
»ΓÄ»ΓÄ»[3/6]ΓÄ»[22m[39m

[41m[1m FAIL [22m[49m 
__tests__/PlayerNamesModal.input-validation.test.tsx[2m > 
[22mPlayerNamesModal Character Limit Validation[2m > [22mshould accept 
exactly 15 characters in Player 2 input field
[31m[1mError[22m: [2mexpect([22m[31melement[31m[2m).toHaveValue([
22m[32mExactlyFifteen2[31m[2m)[22m

Expected the element to have value:
[32m  ExactlyFifteen2[31m
Received:
[31m  Player 2[31m[39m
[36m [2mΓ¥»[22m 
__tests__/PlayerNamesModal.input-validation.test.tsx:[2m113:24[22m[39m
    [90m111| [39m  
fireEvent[33m.[39m[34mchange[39m(player2Input[33m,[39m { 
target[33m:[39m { value[33m:[39m testString } })[33m;[39m
    [90m112| [39m
    [90m113| [39m  [34mexpect[39m(player2Input)[33m.[39m[34mtoHaveV
alue[39m(testString)[33m;[39m
    [90m   | [39m                       [31m^[39m
    [90m114| [39m  [34mexpect[39m(testString[33m.[39mlength)[33m.[
39m[34mtoBe[39m([34m15[39m)[33m;[39m
    [90m115| [39m })[33m;[39m

[31m[2mΓÄ»ΓÄ»ΓÄ»ΓÄ»ΓÄ»ΓÄ»ΓÄ»ΓÄ»ΓÄ»ΓÄ»ΓÄ»ΓÄ»ΓÄ»ΓÄ»ΓÄ»ΓÄ»ΓÄ»ΓÄ»ΓÄ»ΓÄ»ΓÄ»ΓÄ
»ΓÄ»ΓÄ»[4/6]ΓÄ»[22m[39m

[41m[1m FAIL [22m[49m 
__tests__/PlayerNamesModal.input-validation.test.tsx[2m > 
[22mPlayerNamesModal Character Limit Validation[2m > [22mshould show 
'8/15 characters' when Player 2 has 8 characters
[31m[1mTestingLibraryElementError[22m: Unable to find an element with 
the text: 5/15 characters. This could be because the text is broken up by 
multiple elements. In this case, you can provide a function for your text 
matcher to make your matcher more flexible.

Ignored nodes: comments, script, style
[36m<body>[31m
  [36m<div>[31m
    [36m<div[31m
      [33mclass[31m=[32m"fixed inset-0 bg-black/80 flex items-center 
justify-center z-50"[31m
    [36m>[31m
      [36m<section[31m
        [33mclass[31m=[32m"bg-black w-[80%] max-w-md p-6 text-center 
shadow-lg"[31m
      [36m>[31m
        [36m<h2[31m
          [33mclass[31m=[32m"text-red-500 text-3xl mb-6"[31m
        [36m>[31m
          [0mEnter Player Names[0m
        [36m</h2>[31m
        [36m<form[31m
          [33mclass[31m=[32m"mb-6 gap-4 flex flex-col"[31m
        [36m>[31m
          [36m<div>[31m
            [36m<input[31m
              [33mclass[31m=[32m"w-full p-3 text-red-500 text-xl 
border border-gray-300 bg-white outline-none"[31m
              [33mmaxlength[31m=[32m"15"[31m
              [33mplaceholder[31m=[32m"Player 1 Name"[31m
              [33mvalue[31m=[32m"Player 1"[31m
            [36m/>[31m
            [36m<div[31m
              [33mclass[31m=[32m"text-xl text-white mt-1 
text-right"[31m
            [36m>[31m
              [0m8[0m
              [0m/[0m
              [0m15[0m
              [0m [0m
              [0mcharacters[0m
            [36m</div>[31m
          [36m</div>[31m
          [36m<div>[31m
            [36m<input[31m
              [33mclass[31m=[32m"w-full p-3 text-red-500 text-xl 
border border-gray-300 bg-white outline-none"[31m
              [33mmaxlength[31m=[32m"15"[31m
              [33mplaceholder[31m=[32m"Player 2 Name"[31m

              [33mvalue[31m=[32m"Player 2"[31m
            [36m/>[31m
            [36m<div[31m
              [33mclass[31m=[32m"text-xl text-white mt-1 
text-right"[31m
            [36m>[31m
              [0m8[0m
              [0m/[0m
              [0m15[0m
              [0m [0m
              [0mcharacters[0m
[2m Test Files [22m [1m[31m1 failed[39m[22m[90m (1)[39m
[2m      Tests [22m [1m[31m6 failed[39m[22m[2m | [22m[1m[32m4 passed[39m[22m[90m (10)[39m
[2m   Start at [22m 11:54:14
[2m   Duration [22m 4.77s[2m (transform 114ms, setup 153ms, import 342ms, tests 3.09s, environment 939ms)[22m

            [36m</div>[31m
          [36m</div>[31m
        [36m</form>[31m
        [36m<button[31m
          [33mclass[31m=[32m"bg-blue-600 text-white text-3xl w-full 
py-3 hover:bg-blue-700"[31m
        [36m>[31m
          [0mStart Game[0m
        [36m</button>[31m
      [36m</section>[31m
    [36m</div>[31m
  [36m</div>[31m
[36m</body>[31m[39m
[90m [2mΓ¥»[22m Object.getElementError node_modules/.pnpm/@testing-libr
ary+dom@10.4.0/node_modules/@testing-library/dom/dist/config.js:[2m37:19
[22m[39m
[90m [2mΓ¥»[22m node_modules/.pnpm/@testing-library+dom@10.4.0/node_mod
ules/@testing-library/dom/dist/query-helpers.js:[2m76:38[22m[39m
[90m [2mΓ¥»[22m node_modules/.pnpm/@testing-library+dom@10.4.0/node_mod
ules/@testing-library/dom/dist/query-helpers.js:[2m52:17[22m[39m
[90m [2mΓ¥»[22m node_modules/.pnpm/@testing-library+dom@10.4.0/node_mod
ules/@testing-library/dom/dist/query-helpers.js:[2m95:19[22m[39m
[36m [2mΓ¥»[22m 
__tests__/PlayerNamesModal.input-validation.test.tsx:[2m139:17[22m[39m
    [90m137| [39m  // Type 5 characters in Player 1 (so Player 1 will 
show "5/15 characΓÇª
    [90m138| [39m  
fireEvent[33m.[39m[34mchange[39m(player1Input[33m,[39m { 
target[33m:[39m { value[33m:[39m [32m"Hello"[39m } })[33m;[39m
    [90m139| [39m  
[34mexpect[39m(screen[33m.[39m[34mgetByText[39m([32m"5/15 
characters"[39m))[33m.[39m[34mtoBeInTheDocument[39m()[33m;[39m
    [90m   | [39m                [31m^[39m
    [90m140| [39m
    [90m141| [39m  [90m// Type 8 characters in Player 2[39m

[31m[2mΓÄ»ΓÄ»ΓÄ»ΓÄ»ΓÄ»ΓÄ»ΓÄ»ΓÄ»ΓÄ»ΓÄ»ΓÄ»ΓÄ»ΓÄ»ΓÄ»ΓÄ»ΓÄ»ΓÄ»ΓÄ»ΓÄ»ΓÄ»ΓÄ»ΓÄ
»ΓÄ»ΓÄ»[5/6]ΓÄ»[22m[39m

[41m[1m FAIL [22m[49m 
__tests__/PlayerNamesModal.input-validation.test.tsx[2m > 
[22mPlayerNamesModal Character Limit Validation[2m > [22mshould submit 
successfully with full-length names (15 chars each)
[31m[1mAssertionError[22m: expected "vi.fn()" to be called with 
arguments: [ Array(2) ][90m

Received: 

[1m  1st vi.fn() call:

[22m[2m  [[22m
[32m-   "ExactlyFifteen1",[90m
[32m-   "ExactlyFifteen2",[90m
[31m+   "Player 1",[90m
[31m+   "Player 2",[90m
[2m  ][22m
[31m[90m

Number of calls: [1m1[22m
[31m

Ignored nodes: comments, script, style
[36m<html>[31m
  [36m<head />[31m
  [36m<body>[31m
    [36m<div>[31m
      [36m<div[31m
        [33mclass[31m=[32m"fixed inset-0 bg-black/80 flex items-center 
justify-center z-50"[31m
      [36m>[31m
        [36m<section[31m
          [33mclass[31m=[32m"bg-black w-[80%] max-w-md p-6 text-center 
shadow-lg"[31m
        [36m>[31m
          [36m<h2[31m
            [33mclass[31m=[32m"text-red-500 text-3xl mb-6"[31m
          [36m>[31m
            [0mEnter Player Names[0m
          [36m</h2>[31m
          [36m<form[31m
            [33mclass[31m=[32m"mb-6 gap-4 flex flex-col"[31m
          [36m>[31m
            [36m<div>[31m
              [36m<input[31m
                [33mclass[31m=[32m"w-full p-3 text-red-500 text-xl 
border border-gray-300 bg-white outline-none"[31m
                [33mmaxlength[31m=[32m"15"[31m
                [33mplaceholder[31m=[32m"Player 1 Name"[31m
                [33mvalue[31m=[32m"Player 1"[31m
              [36m/>[31m
              [36m<div[31m
                [33mclass[31m=[32m"text-xl text-white mt-1 
text-right"[31m
              [36m>[31m
                [0m8[0m
                [0m/[0m
                [0m15[0m
                [0m [0m
                [0mcharacters[0m
              [36m</div>[31m
            [36m</div>[31m
            [36m<div>[31m
              [36m<input[31m
                [33mclass[31m=[32m"w-full p-3 text-red-500 text-xl 
border border-gray-300 bg-white outline-none"[31m
                [33mmaxlength[31m=[32m"15"[31m
                [33mplaceholder[31m=[32m"Player 2 Name"[31m
                [33mvalue[31m=[32m"Player 2"[31m
              [36m/>[31m
              [36m<div[31m
                [33mclass[31m=[32m"text-xl text-white mt-1 
text-right"[31m
              [36m>[31m
                [0m8[0m
                [0m/[0m
                [0m15[0m
                [0m [0m
                [0mcharacters[0m
              [36m</div>[31m
            [36m</div>[31m
          [36m</form>[31m
          [36m<button[31m
            [33mclass[31m=[32m"bg-blue-600 text-white text-3xl w-full 
py-3 hover:bg-blue-700"[31m
          [36m>[31m
            [0mStart Game[0m
          [36m</button>[31m
        [36m</section>[31m
      [36m</div>[31m
    [36m</div>[31m
  [36m</body>[31m
[36m</html>[31m[39m
[36m [2mΓ¥»[22m __vi_import_1__.waitFor.timeout 
__tests__/PlayerNamesModal.input-validation.test.tsx:[2m170:26[22m[39m
    [90m168| [39m  [35mawait[39m [34mwaitFor[39m(
    [90m169| [39m   () [33m=>[39m {
    [90m170| [39m    
expect(mockOnSubmit).toHaveBeenCalledWith(player1Name, player2NameΓÇª
    [90m   | [39m                         [31m^[39m
    [90m171| [39m   }[33m,[39m
    [90m172| [39m   { timeout[33m:[39m [34m3000[39m }[33m,[39m
[90m [2mΓ¥»[22m runWithExpensiveErrorDiagnosticsDisabled node_modules/.
pnpm/@testing-library+dom@10.4.0/node_modules/@testing-library/dom/dist/co
nfig.js:[2m47:12[22m[39m
[90m [2mΓ¥»[22m checkCallback node_modules/.pnpm/@testing-library+dom@1
0.4.0/node_modules/@testing-library/dom/dist/wait-for.js:[2m124:77[22m[
39m
[90m [2mΓ¥»[22m Timeout.checkRealTimersCallback node_modules/.pnpm/@tes
ting-library+dom@10.4.0/node_modules/@testing-library/dom/dist/wait-for.js
:[2m118:16[22m[39m

[31m[2mΓÄ»ΓÄ»ΓÄ»ΓÄ»ΓÄ»ΓÄ»ΓÄ»ΓÄ»ΓÄ»ΓÄ»ΓÄ»ΓÄ»ΓÄ»ΓÄ»ΓÄ»ΓÄ»ΓÄ»ΓÄ»ΓÄ»ΓÄ»ΓÄ»ΓÄ
»ΓÄ»ΓÄ»[6/6]ΓÄ»[22m[39m

